Release 13.4 - xst O.87xd (nt64)
Copyright (c) 1995-2011 Xilinx, Inc.  All rights reserved.
--> Parameter TMPDIR set to xst/projnav.tmp


Total REAL time to Xst completion: 0.00 secs
Total CPU time to Xst completion: 0.28 secs
 
--> Parameter xsthdpdir set to xst


Total REAL time to Xst completion: 0.00 secs
Total CPU time to Xst completion: 0.30 secs
 
--> Reading design: TopModule.prj

TABLE OF CONTENTS
  1) Synthesis Options Summary
  2) HDL Compilation
  3) Design Hierarchy Analysis
  4) HDL Analysis
  5) HDL Synthesis
     5.1) HDL Synthesis Report
  6) Advanced HDL Synthesis
     6.1) Advanced HDL Synthesis Report
  7) Low Level Synthesis
  8) Partition Report
  9) Final Report
	9.1) Device utilization summary
	9.2) Partition Resource Summary
	9.3) TIMING REPORT


=========================================================================
*                      Synthesis Options Summary                        *
=========================================================================
---- Source Parameters
Input File Name                    : "TopModule.prj"
Input Format                       : mixed
Ignore Synthesis Constraint File   : NO

---- Target Parameters
Output File Name                   : "TopModule"
Output Format                      : NGC
Target Device                      : xc3s500e-4-fg320

---- Source Options
Top Module Name                    : TopModule
Automatic FSM Extraction           : YES
FSM Encoding Algorithm             : Auto
Safe Implementation                : No
FSM Style                          : LUT
RAM Extraction                     : Yes
RAM Style                          : Auto
ROM Extraction                     : Yes
Mux Style                          : Auto
Decoder Extraction                 : YES
Priority Encoder Extraction        : Yes
Shift Register Extraction          : YES
Logical Shifter Extraction         : YES
XOR Collapsing                     : YES
ROM Style                          : Auto
Mux Extraction                     : Yes
Resource Sharing                   : YES
Asynchronous To Synchronous        : NO
Multiplier Style                   : Auto
Automatic Register Balancing       : No

---- Target Options
Add IO Buffers                     : YES
Global Maximum Fanout              : 100000
Add Generic Clock Buffer(BUFG)     : 24
Register Duplication               : YES
Slice Packing                      : YES
Optimize Instantiated Primitives   : NO
Use Clock Enable                   : Yes
Use Synchronous Set                : Yes
Use Synchronous Reset              : Yes
Pack IO Registers into IOBs        : Auto
Equivalent register Removal        : YES

---- General Options
Optimization Goal                  : Speed
Optimization Effort                : 1
Keep Hierarchy                     : No
Netlist Hierarchy                  : As_Optimized
RTL Output                         : Yes
Global Optimization                : AllClockNets
Read Cores                         : YES
Write Timing Constraints           : NO
Cross Clock Analysis               : NO
Hierarchy Separator                : /
Bus Delimiter                      : <>
Case Specifier                     : Maintain
Slice Utilization Ratio            : 100
BRAM Utilization Ratio             : 100
Verilog 2001                       : YES
Auto BRAM Packing                  : NO
Slice Utilization Ratio Delta      : 5

=========================================================================


=========================================================================
*                          HDL Compilation                              *
=========================================================================
Compiling verilog file "VgaDriver.v" in library work
Compiling verilog file "GameController.v" in library work
Module <VgaDriver> compiled
Compiling verilog file "GameBuilder.v" in library work
Module <GameController> compiled
Compiling verilog file "TopModule.v" in library work
Module <GameBuilder> compiled
Module <TopModule> compiled
No errors in compilation
Analysis of file <"TopModule.prj"> succeeded.
 

=========================================================================
*                     Design Hierarchy Analysis                         *
=========================================================================
Analyzing hierarchy for module <TopModule> in library <work>.

Analyzing hierarchy for module <GameController> in library <work> with parameters.
	H = "00000000000000000000000000001111"
	W = "00000000000000000000000000010100"
	playerSize = "00000000000000000000000000000100"

Analyzing hierarchy for module <GameBuilder> in library <work> with parameters.
	H = "00000000000000000000000000001111"
	W = "00000000000000000000000000010100"
	playerSize = "00000000000000000000000000000100"

Analyzing hierarchy for module <VgaDriver> in library <work> with parameters.
	H_BACKP_CLOCKS = "00000000000000000000000000110000"
	H_CLOCKS = "00000000000000000000001100100000"
	H_DISP_CLOCKS = "00000000000000000000001010000000"
	H_FRONTP_CLOCKS = "00000000000000000000000000010000"
	H_PULSEW_CLOCKS = "00000000000000000000000001100000"
	V_BACKP_LINES = "00000000000000000000000000011101"
	V_DISP_LINES = "00000000000000000000000111100000"
	V_FRONTP_LINES = "00000000000000000000000000001010"
	V_LINES = "00000000000000000000001000001001"
	V_PULSEW_LINES = "00000000000000000000000000000010"


=========================================================================
*                            HDL Analysis                               *
=========================================================================
Analyzing top module <TopModule>.
Module <TopModule> is correct for synthesis.
 
Analyzing module <GameController> in library <work>.
	H = 32'sb00000000000000000000000000001111
	W = 32'sb00000000000000000000000000010100
	playerSize = 32'sb00000000000000000000000000000100
Module <GameController> is correct for synthesis.
 
Analyzing module <GameBuilder> in library <work>.
	H = 32'sb00000000000000000000000000001111
	W = 32'sb00000000000000000000000000010100
	playerSize = 32'sb00000000000000000000000000000100
WARNING:Xst:905 - "GameBuilder.v" line 43: One or more signals are missing in the sensitivity list of always block. To enable synthesis of FPGA/CPLD hardware, XST will assume that all necessary signals are present in the sensitivity list. Please note that the result of the synthesis may differ from the initial design specification. The missing signals are:
   <x1>, <ballX>, <y1>, <ballY>, <playerPos>, <comPos>
Module <GameBuilder> is correct for synthesis.
 
Analyzing module <VgaDriver> in library <work>.
	H_BACKP_CLOCKS = 32'sb00000000000000000000000000110000
	H_CLOCKS = 32'sb00000000000000000000001100100000
	H_DISP_CLOCKS = 32'sb00000000000000000000001010000000
	H_FRONTP_CLOCKS = 32'sb00000000000000000000000000010000
	H_PULSEW_CLOCKS = 32'sb00000000000000000000000001100000
	V_BACKP_LINES = 32'sb00000000000000000000000000011101
	V_DISP_LINES = 32'sb00000000000000000000000111100000
	V_FRONTP_LINES = 32'sb00000000000000000000000000001010
	V_LINES = 32'sb00000000000000000000001000001001
	V_PULSEW_LINES = 32'sb00000000000000000000000000000010
WARNING:Xst:2337 - "VgaDriver.v" line 60: File argument of function $fdisplay is not constant. Skipping call to system function.
WARNING:Xst:2323 - "VgaDriver.v" line 88: Parameter 2 is not constant in call of system task $display.
"VgaDriver.v" line 88: $display : %d
WARNING:Xst:905 - "VgaDriver.v" line 87: One or more signals are missing in the sensitivity list of always block. To enable synthesis of FPGA/CPLD hardware, XST will assume that all necessary signals are present in the sensitivity list. Please note that the result of the synthesis may differ from the initial design specification. The missing signals are:
   <RGB_in>
Module <VgaDriver> is correct for synthesis.
 

=========================================================================
*                           HDL Synthesis                               *
=========================================================================

Performing bidirectional port resolution...

Synthesizing Unit <GameController>.
    Related source file is "GameController.v".
WARNING:Xst:1780 - Signal <ballVY<1:0>> is never used or assigned. This unconnected signal will be trimmed during the optimization process.
WARNING:Xst:1780 - Signal <ballVX<1:0>> is never used or assigned. This unconnected signal will be trimmed during the optimization process.
WARNING:Xst:646 - Signal <ballNextY> is assigned but never used. This unconnected signal will be trimmed during the optimization process.
WARNING:Xst:646 - Signal <ballNextX> is assigned but never used. This unconnected signal will be trimmed during the optimization process.
    Found 4-bit adder carry out for signal <add0000$addsub0000> created at line 104.
    Found 4-bit adder carry out for signal <add0001$addsub0000> created at line 121.
    Found 1-bit register for signal <ballVX<2>>.
    Found 1-bit register for signal <ballVY<2>>.
    Found 5-bit register for signal <ballX>.
    Found 4-bit comparator greater for signal <ballX$cmp_gt0000> created at line 104.
    Found 4-bit comparator greater for signal <ballX$cmp_gt0001> created at line 121.
    Found 5-bit comparator less for signal <ballX$cmp_lt0000> created at line 104.
    Found 5-bit comparator less for signal <ballX$cmp_lt0001> created at line 121.
    Found 4-bit register for signal <ballY>.
    Found 4-bit updown counter for signal <comPos>.
    Found 5-bit adder for signal <old_ballNextX_1$add0000> created at line 92.
    Found 5-bit subtractor for signal <old_ballNextX_1$sub0000> created at line 92.
    Found 4-bit adder for signal <old_ballNextY_3$add0000> created at line 93.
    Found 4-bit subtractor for signal <old_ballNextY_3$sub0000> created at line 93.
    Found 4-bit adder carry out for signal <old_comPos_4$addsub0000> created at line 77.
    Found 4-bit comparator greater for signal <old_comPos_4$cmp_gt0000> created at line 75.
    Found 5-bit comparator less for signal <old_comPos_4$cmp_lt0000> created at line 77.
    Found 4-bit addsub for signal <old_comPos_4$share0000>.
    Found 4-bit adder carry out for signal <old_playerPos_2$addsub0000> created at line 69.
    Found 4-bit comparator greater for signal <old_playerPos_2$cmp_gt0000> created at line 67.
    Found 5-bit comparator less for signal <old_playerPos_2$cmp_lt0000> created at line 69.
    Found 4-bit addsub for signal <old_playerPos_2$share0000>.
    Found 4-bit updown counter for signal <playerPos>.
    Summary:
	inferred   2 Counter(s).
	inferred  11 D-type flip-flop(s).
	inferred  10 Adder/Subtractor(s).
	inferred   8 Comparator(s).
Unit <GameController> synthesized.


Synthesizing Unit <GameBuilder>.
    Related source file is "GameBuilder.v".
WARNING:Xst:647 - Input <CLK_IN> is never used. This port will be preserved and left unconnected if it belongs to a top-level block or it belongs to a sub-block and the hierarchy of this sub-block is preserved.
WARNING:Xst:647 - Input <xCoord<4:0>> is never used. This port will be preserved and left unconnected if it belongs to a top-level block or it belongs to a sub-block and the hierarchy of this sub-block is preserved.
WARNING:Xst:647 - Input <yCoord<4:0>> is never used. This port will be preserved and left unconnected if it belongs to a top-level block or it belongs to a sub-block and the hierarchy of this sub-block is preserved.
    Found 4-bit adder carry out for signal <RGB_out$addsub0002> created at line 46.
    Found 4-bit adder carry out for signal <RGB_out$addsub0003> created at line 48.
    Found 5-bit comparator equal for signal <RGB_out$cmp_eq0000> created at line 44.
    Found 5-bit comparator equal for signal <RGB_out$cmp_eq0001> created at line 44.
    Found 5-bit comparator greatequal for signal <RGB_out$cmp_ge0000> created at line 46.
    Found 5-bit comparator greatequal for signal <RGB_out$cmp_ge0001> created at line 48.
    Found 5-bit comparator lessequal for signal <RGB_out$cmp_le0000> created at line 46.
    Found 5-bit comparator lessequal for signal <RGB_out$cmp_le0001> created at line 48.
    Summary:
	inferred   2 Adder/Subtractor(s).
	inferred   6 Comparator(s).
Unit <GameBuilder> synthesized.


Synthesizing Unit <VgaDriver>.
    Related source file is "VgaDriver.v".
WARNING:Xst:1872 - Variable <mon> is used but never assigned.
    Found 32-bit up accumulator for signal <count>.
    Found 10-bit up counter for signal <H_COUNT>.
    Found 10-bit adder carry out for signal <H_COUNT$addsub0000> created at line 61.
    Found 10-bit comparator less for signal <H_SYNC$cmp_lt0000> created at line 73.
    Found 1-bit register for signal <PXL_CLK>.
    Found 10-bit comparator greatequal for signal <RGB$cmp_ge0000> created at line 90.
    Found 10-bit comparator greatequal for signal <RGB$cmp_ge0001> created at line 90.
    Found 10-bit comparator less for signal <RGB$cmp_lt0000> created at line 90.
    Found 10-bit comparator less for signal <RGB$cmp_lt0001> created at line 90.
    Found 10-bit up counter for signal <V_COUNT>.
    Found 10-bit adder carry out for signal <V_COUNT$addsub0001> created at line 64.
    Found 10-bit comparator less for signal <V_SYNC$cmp_lt0000> created at line 74.
    Found 10-bit subtractor for signal <xCoord$addsub0000> created at line 76.
    Found 10-bit subtractor for signal <xCoord$addsub0001> created at line 76.
    Found 10-bit subtractor for signal <yCoord$addsub0000> created at line 79.
    Found 10-bit subtractor for signal <yCoord$addsub0001> created at line 79.
    Summary:
	inferred   2 Counter(s).
	inferred   1 Accumulator(s).
	inferred   1 D-type flip-flop(s).
	inferred   6 Adder/Subtractor(s).
	inferred   6 Comparator(s).
Unit <VgaDriver> synthesized.


Synthesizing Unit <TopModule>.
    Related source file is "TopModule.v".
    Found 32-bit up counter for signal <counter>.
    Found 1-bit register for signal <GAME_CLOCK>.
    Summary:
	inferred   1 Counter(s).
	inferred   1 D-type flip-flop(s).
Unit <TopModule> synthesized.

INFO:Xst:1767 - HDL ADVISOR - Resource sharing has identified that some arithmetic operations in this design can share the same physical resources for reduced device utilization. For improved clock frequency you may try to disable resource sharing.

=========================================================================
HDL Synthesis Report

Macro Statistics
# Adders/Subtractors                                   : 18
 10-bit adder carry out                                : 2
 10-bit subtractor                                     : 4
 4-bit adder                                           : 1
 4-bit adder carry out                                 : 6
 4-bit addsub                                          : 2
 4-bit subtractor                                      : 1
 5-bit adder                                           : 1
 5-bit subtractor                                      : 1
# Counters                                             : 5
 10-bit up counter                                     : 2
 32-bit up counter                                     : 1
 4-bit updown counter                                  : 2
# Registers                                            : 6
 1-bit register                                        : 4
 4-bit register                                        : 1
 5-bit register                                        : 1
# Comparators                                          : 20
 10-bit comparator greatequal                          : 2
 10-bit comparator less                                : 4
 4-bit comparator greater                              : 4
 5-bit comparator equal                                : 2
 5-bit comparator greatequal                           : 2
 5-bit comparator less                                 : 4
 5-bit comparator lessequal                            : 2

=========================================================================

=========================================================================
*                       Advanced HDL Synthesis                          *
=========================================================================


=========================================================================
Advanced HDL Synthesis Report

Macro Statistics
# Adders/Subtractors                                   : 18
 10-bit adder carry out                                : 2
 10-bit subtractor                                     : 4
 4-bit adder                                           : 1
 4-bit adder carry out                                 : 6
 4-bit addsub                                          : 2
 4-bit subtractor                                      : 1
 5-bit adder                                           : 1
 5-bit subtractor                                      : 1
# Counters                                             : 5
 10-bit up counter                                     : 2
 32-bit up counter                                     : 1
 4-bit updown counter                                  : 2
# Registers                                            : 13
 Flip-Flops                                            : 13
# Comparators                                          : 20
 10-bit comparator greatequal                          : 2
 10-bit comparator less                                : 4
 4-bit comparator greater                              : 4
 5-bit comparator equal                                : 2
 5-bit comparator greatequal                           : 2
 5-bit comparator less                                 : 4
 5-bit comparator lessequal                            : 2

=========================================================================

=========================================================================
*                         Low Level Synthesis                           *
=========================================================================

Optimizing unit <TopModule> ...

Optimizing unit <GameController> ...

Optimizing unit <GameBuilder> ...

Optimizing unit <VgaDriver> ...

Mapping all equations...
Building and optimizing final netlist ...
Found area constraint ratio of 100 (+ 5) on block TopModule, actual ratio is 3.

Final Macro Processing ...

=========================================================================
Final Register Report

Macro Statistics
# Registers                                            : 73
 Flip-Flops                                            : 73

=========================================================================

=========================================================================
*                           Partition Report                            *
=========================================================================

Partition Implementation Status
-------------------------------

  No Partitions were found in this design.

-------------------------------

=========================================================================
*                            Final Report                               *
=========================================================================
Final Results
RTL Top Level Output File Name     : TopModule.ngr
Top Level Output File Name         : TopModule
Output Format                      : NGC
Optimization Goal                  : Speed
Keep Hierarchy                     : No

Design Statistics
# IOs                              : 13

Cell Usage :
# BELS                             : 475
#      GND                         : 1
#      INV                         : 24
#      LUT1                        : 70
#      LUT2                        : 15
#      LUT2_D                      : 2
#      LUT2_L                      : 5
#      LUT3                        : 23
#      LUT3_D                      : 4
#      LUT3_L                      : 1
#      LUT4                        : 110
#      LUT4_D                      : 13
#      LUT4_L                      : 7
#      MUXCY                       : 93
#      MUXF5                       : 19
#      MUXF6                       : 1
#      VCC                         : 1
#      XORCY                       : 86
# FlipFlops/Latches                : 73
#      FD                          : 4
#      FDE                         : 11
#      FDR                         : 45
#      FDRE                        : 10
#      FDRS                        : 3
# Clock Buffers                    : 3
#      BUFG                        : 2
#      BUFGP                       : 1
# IO Buffers                       : 12
#      IBUF                        : 2
#      OBUF                        : 10
=========================================================================

Device utilization summary:
---------------------------

Selected Device : 3s500efg320-4 

 Number of Slices:                      143  out of   4656     3%  
 Number of Slice Flip Flops:             73  out of   9312     0%  
 Number of 4 input LUTs:                274  out of   9312     2%  
 Number of IOs:                          13
 Number of bonded IOBs:                  13  out of    232     5%  
 Number of GCLKs:                         3  out of     24    12%  

---------------------------
Partition Resource Summary:
---------------------------

  No Partitions were found in this design.

---------------------------


=========================================================================
TIMING REPORT

NOTE: THESE TIMING NUMBERS ARE ONLY A SYNTHESIS ESTIMATE.
      FOR ACCURATE TIMING INFORMATION PLEASE REFER TO THE TRACE REPORT
      GENERATED AFTER PLACE-and-ROUTE.

Clock Information:
------------------
-----------------------------------+--------------------------+-------+
Clock Signal                       | Clock buffer(FF name)    | Load  |
-----------------------------------+--------------------------+-------+
V_SYNC_OBUF1(driver/V_SYNC13_f5:O) | BUFG(*)(GAME_CLOCK)      | 33    |
GAME_CLOCK                         | NONE(controller/comPos_3)| 19    |
driver/PXL_CLK1                    | BUFG                     | 20    |
CLK_IN                             | BUFGP                    | 1     |
-----------------------------------+--------------------------+-------+
(*) This 1 clock signal(s) are generated by combinatorial logic,
and XST is not able to identify which are the primary clock signals.
Please use the CLOCK_SIGNAL constraint to specify the clock signal(s) generated by combinatorial logic.
INFO:Xst:2169 - HDL ADVISOR - Some clock signals were not automatically buffered by XST with BUFG/BUFR resources. Please use the buffer_type constraint in order to insert these buffers to the clock signals to help prevent skew problems.

Asynchronous Control Signals Information:
----------------------------------------
No asynchronous control signals found in this design

Timing Summary:
---------------
Speed Grade: -4

   Minimum period: 11.383ns (Maximum Frequency: 87.850MHz)
   Minimum input arrival time before clock: 10.576ns
   Maximum output required time after clock: 17.472ns
   Maximum combinational path delay: No path found

Timing Detail:
--------------
All values displayed in nanoseconds (ns)

=========================================================================
Timing constraint: Default period analysis for Clock 'V_SYNC_OBUF1'
  Clock period: 5.240ns (frequency: 190.857MHz)
  Total number of paths / destination ports: 1585 / 66
-------------------------------------------------------------------------
Delay:               5.240ns (Levels of Logic = 9)
  Source:            counter_8 (FF)
  Destination:       counter_0 (FF)
  Source Clock:      V_SYNC_OBUF1 rising
  Destination Clock: V_SYNC_OBUF1 rising

  Data Path: counter_8 to counter_0
                                Gate     Net
    Cell:in->out      fanout   Delay   Delay  Logical Name (Net Name)
    ----------------------------------------  ------------
     FDR:C->Q              2   0.591   0.622  counter_8 (counter_8)
     LUT4:I0->O            1   0.704   0.000  GAME_CLOCK_cmp_eq0000_wg_lut<0> (GAME_CLOCK_cmp_eq0000_wg_lut<0>)
     MUXCY:S->O            1   0.464   0.000  GAME_CLOCK_cmp_eq0000_wg_cy<0> (GAME_CLOCK_cmp_eq0000_wg_cy<0>)
     MUXCY:CI->O           1   0.059   0.000  GAME_CLOCK_cmp_eq0000_wg_cy<1> (GAME_CLOCK_cmp_eq0000_wg_cy<1>)
     MUXCY:CI->O           1   0.059   0.000  GAME_CLOCK_cmp_eq0000_wg_cy<2> (GAME_CLOCK_cmp_eq0000_wg_cy<2>)
     MUXCY:CI->O           1   0.059   0.000  GAME_CLOCK_cmp_eq0000_wg_cy<3> (GAME_CLOCK_cmp_eq0000_wg_cy<3>)
     MUXCY:CI->O           1   0.059   0.000  GAME_CLOCK_cmp_eq0000_wg_cy<4> (GAME_CLOCK_cmp_eq0000_wg_cy<4>)
     MUXCY:CI->O           1   0.059   0.000  GAME_CLOCK_cmp_eq0000_wg_cy<5> (GAME_CLOCK_cmp_eq0000_wg_cy<5>)
     MUXCY:CI->O           1   0.059   0.000  GAME_CLOCK_cmp_eq0000_wg_cy<6> (GAME_CLOCK_cmp_eq0000_wg_cy<6>)
     MUXCY:CI->O          33   0.331   1.263  GAME_CLOCK_cmp_eq0000_wg_cy<7> (GAME_CLOCK_cmp_eq0000)
     FDR:R                     0.911          counter_0
    ----------------------------------------
    Total                      5.240ns (3.355ns logic, 1.885ns route)
                                       (64.0% logic, 36.0% route)

=========================================================================
Timing constraint: Default period analysis for Clock 'GAME_CLOCK'
  Clock period: 11.383ns (frequency: 87.850MHz)
  Total number of paths / destination ports: 10070 / 36
-------------------------------------------------------------------------
Delay:               11.383ns (Levels of Logic = 9)
  Source:            controller/ballX_1 (FF)
  Destination:       controller/ballX_1 (FF)
  Source Clock:      GAME_CLOCK rising
  Destination Clock: GAME_CLOCK rising

  Data Path: controller/ballX_1 to controller/ballX_1
                                Gate     Net
    Cell:in->out      fanout   Delay   Delay  Logical Name (Net Name)
    ----------------------------------------  ------------
     FDR:C->Q             14   0.591   1.175  controller/ballX_1 (controller/ballX_1)
     LUT2_D:I0->LO         1   0.704   0.104  controller/Madd_old_ballNextX_1_add0000_cy<1>11 (N209)
     LUT4:I3->O            2   0.704   0.451  controller/old_ballNextX_1_cmp_eq00011 (controller/old_ballNextX_1_cmp_eq0001)
     LUT4:I3->O            6   0.704   0.673  controller/_old_ballNextY_3<0>1 (controller/_old_ballNextY_3<0>)
     LUT4:I3->O            1   0.704   0.000  controller/ballX_cmp_gt00001_F (N153)
     MUXF5:I0->O           4   0.321   0.622  controller/ballX_cmp_gt00001 (controller/ballX_cmp_gt00001)
     LUT3:I2->O            1   0.704   0.000  controller/ballX_or00004 (controller/ballX_or00004)
     MUXF5:I0->O           1   0.321   0.000  controller/ballX_or0000_f5_0 (controller/ballX_or0000_f51)
     MUXF6:I0->O           8   0.521   0.836  controller/ballX_or0000_f6 (controller/ballX_or0000)
     LUT2:I1->O            5   0.704   0.633  controller/ballX_and00001 (controller/ballX_and0000)
     FDR:R                     0.911          controller/ballX_0
    ----------------------------------------
    Total                     11.383ns (6.889ns logic, 4.494ns route)
                                       (60.5% logic, 39.5% route)

=========================================================================
Timing constraint: Default period analysis for Clock 'driver/PXL_CLK1'
  Clock period: 9.069ns (frequency: 110.266MHz)
  Total number of paths / destination ports: 2710 / 50
-------------------------------------------------------------------------
Delay:               9.069ns (Levels of Logic = 7)
  Source:            driver/H_COUNT_7 (FF)
  Destination:       driver/H_COUNT_9 (FF)
  Source Clock:      driver/PXL_CLK1 rising
  Destination Clock: driver/PXL_CLK1 rising

  Data Path: driver/H_COUNT_7 to driver/H_COUNT_9
                                Gate     Net
    Cell:in->out      fanout   Delay   Delay  Logical Name (Net Name)
    ----------------------------------------  ------------
     FDR:C->Q              9   0.591   0.995  driver/H_COUNT_7 (driver/H_COUNT_7)
     LUT1:I0->O            1   0.704   0.000  driver/Madd_H_COUNT_addsub0000_cy<7>_rt (driver/Madd_H_COUNT_addsub0000_cy<7>_rt)
     MUXCY:S->O            1   0.464   0.000  driver/Madd_H_COUNT_addsub0000_cy<7> (driver/Madd_H_COUNT_addsub0000_cy<7>)
     MUXCY:CI->O           1   0.059   0.000  driver/Madd_H_COUNT_addsub0000_cy<8> (driver/Madd_H_COUNT_addsub0000_cy<8>)
     MUXCY:CI->O           1   0.459   0.595  driver/Madd_H_COUNT_addsub0000_cy<9> (driver/Madd_H_COUNT_index0000)
     LUT3:I0->O            1   0.704   0.455  driver/V_COUNT_and000019 (driver/V_COUNT_and000019)
     LUT4:I2->O            2   0.704   0.622  driver/V_COUNT_and0000123 (driver/V_COUNT_and0000123)
     LUT2:I0->O           20   0.704   1.102  driver/V_COUNT_and0000142 (driver/H_COUNT_cmp_eq0000)
     FDR:R                     0.911          driver/H_COUNT_0
    ----------------------------------------
    Total                      9.069ns (5.300ns logic, 3.769ns route)
                                       (58.4% logic, 41.6% route)

=========================================================================
Timing constraint: Default period analysis for Clock 'CLK_IN'
  Clock period: 1.949ns (frequency: 513.084MHz)
  Total number of paths / destination ports: 1 / 1
-------------------------------------------------------------------------
Delay:               1.949ns (Levels of Logic = 0)
  Source:            driver/PXL_CLK (FF)
  Destination:       driver/PXL_CLK (FF)
  Source Clock:      CLK_IN rising
  Destination Clock: CLK_IN rising

  Data Path: driver/PXL_CLK to driver/PXL_CLK
                                Gate     Net
    Cell:in->out      fanout   Delay   Delay  Logical Name (Net Name)
    ----------------------------------------  ------------
     FDR:C->Q              2   0.591   0.447  driver/PXL_CLK (driver/PXL_CLK1)
     FDR:R                     0.911          driver/PXL_CLK
    ----------------------------------------
    Total                      1.949ns (1.502ns logic, 0.447ns route)
                                       (77.1% logic, 22.9% route)

=========================================================================
Timing constraint: Default OFFSET IN BEFORE for Clock 'GAME_CLOCK'
  Total number of paths / destination ports: 852 / 28
-------------------------------------------------------------------------
Offset:              10.576ns (Levels of Logic = 9)
  Source:            BUTTONS<1> (PAD)
  Destination:       controller/ballX_1 (FF)
  Destination Clock: GAME_CLOCK rising

  Data Path: BUTTONS<1> to controller/ballX_1
                                Gate     Net
    Cell:in->out      fanout   Delay   Delay  Logical Name (Net Name)
    ----------------------------------------  ------------
     IBUF:I->O            11   1.218   1.108  BUTTONS_1_IBUF (BUTTONS_1_IBUF)
     LUT4:I0->O            3   0.704   0.535  controller/old_comPos_4_and0000 (controller/comPos_not0003_inv)
     LUT4:I3->O            2   0.704   0.526  controller/_old_comPos_4<1>1 (controller/_old_comPos_4<1>)
     LUT4:I1->O            1   0.704   0.455  controller/ballX_cmp_gt00012 (controller/ballX_cmp_gt00011)
     LUT3_D:I2->LO         1   0.704   0.135  controller/ballX_cmp_gt00011_SW0 (N210)
     LUT3:I2->O            2   0.704   0.451  controller/ballX_cmp_gt00011 (controller/ballX_cmp_gt0001)
     LUT4_D:I3->O          4   0.704   0.591  controller/ballX_or00011 (controller/ballX_or0001)
     LUT4:I3->O            1   0.704   0.000  controller/ballX_mux0000<3>_G (N150)
     MUXF5:I1->O           1   0.321   0.000  controller/ballX_mux0000<3> (controller/ballX_mux0000<3>)
     FDR:D                     0.308          controller/ballX_1
    ----------------------------------------
    Total                     10.576ns (6.775ns logic, 3.801ns route)
                                       (64.1% logic, 35.9% route)

=========================================================================
Timing constraint: Default OFFSET OUT AFTER for Clock 'driver/PXL_CLK1'
  Total number of paths / destination ports: 4144 / 10
-------------------------------------------------------------------------
Offset:              17.472ns (Levels of Logic = 16)
  Source:            driver/V_COUNT_1 (FF)
  Destination:       G<2> (PAD)
  Source Clock:      driver/PXL_CLK1 rising

  Data Path: driver/V_COUNT_1 to G<2>
                                Gate     Net
    Cell:in->out      fanout   Delay   Delay  Logical Name (Net Name)
    ----------------------------------------  ------------
     FDRE:C->Q             4   0.591   0.762  driver/V_COUNT_1 (driver/V_COUNT_1)
     LUT1:I0->O            1   0.704   0.000  driver/Msub_yCoord_addsub0000_cy<1>_rt (driver/Msub_yCoord_addsub0000_cy<1>_rt)
     MUXCY:S->O            1   0.464   0.000  driver/Msub_yCoord_addsub0000_cy<1> (driver/Msub_yCoord_addsub0000_cy<1>)
     MUXCY:CI->O           1   0.059   0.000  driver/Msub_yCoord_addsub0000_cy<2> (driver/Msub_yCoord_addsub0000_cy<2>)
     XORCY:CI->O           1   0.804   0.595  driver/Msub_yCoord_addsub0000_xor<3> (driver/yCoord_addsub0000<3>)
     LUT1:I0->O            1   0.704   0.000  driver/Msub_yCoord_addsub0001_cy<3>_rt (driver/Msub_yCoord_addsub0001_cy<3>_rt)
     MUXCY:S->O            1   0.464   0.000  driver/Msub_yCoord_addsub0001_cy<3> (driver/Msub_yCoord_addsub0001_cy<3>)
     MUXCY:CI->O           1   0.059   0.000  driver/Msub_yCoord_addsub0001_cy<4> (driver/Msub_yCoord_addsub0001_cy<4>)
     MUXCY:CI->O           1   0.059   0.000  driver/Msub_yCoord_addsub0001_cy<5> (driver/Msub_yCoord_addsub0001_cy<5>)
     XORCY:CI->O           1   0.804   0.595  driver/Msub_yCoord_addsub0001_xor<6> (driver/yCoord_addsub0001<6>)
     LUT2:I0->O            5   0.704   0.808  driver/yCoord<6>1 (y<6>)
     LUT4:I0->O            1   0.704   0.424  builder/RGB_out_cmp_ge00011 (builder/RGB_out_cmp_ge00011)
     LUT4:I3->O            1   0.704   0.455  builder/RGB_out<3>26 (builder/RGB_out<3>26)
     LUT4:I2->O            1   0.704   0.499  builder/RGB_out<3>117 (builder/RGB_out<3>117)
     LUT4:I1->O            1   0.704   0.595  builder/RGB_out<3>480 (RGB_tmp<2>)
     LUT3:I0->O            3   0.704   0.531  driver/RGB<4>1 (G_0_OBUF)
     OBUF:I->O                 3.272          G_0_OBUF (G<0>)
    ----------------------------------------
    Total                     17.472ns (12.208ns logic, 5.264ns route)
                                       (69.9% logic, 30.1% route)

=========================================================================
Timing constraint: Default OFFSET OUT AFTER for Clock 'GAME_CLOCK'
  Total number of paths / destination ports: 93 / 3
-------------------------------------------------------------------------
Offset:              12.409ns (Levels of Logic = 7)
  Source:            controller/ballX_2 (FF)
  Destination:       G<2> (PAD)
  Source Clock:      GAME_CLOCK rising

  Data Path: controller/ballX_2 to G<2>
                                Gate     Net
    Cell:in->out      fanout   Delay   Delay  Logical Name (Net Name)
    ----------------------------------------  ------------
     FDRS:C->Q            15   0.591   1.192  controller/ballX_2 (controller/ballX_2)
     LUT4:I0->O            1   0.704   0.499  builder/RGB_out<3>414_SW0 (N163)
     LUT4:I1->O            1   0.704   0.455  builder/RGB_out<3>414 (builder/RGB_out<3>414)
     LUT4:I2->O            1   0.704   0.595  builder/RGB_out<3>444 (builder/RGB_out<3>444)
     LUT4:I0->O            1   0.704   0.455  builder/RGB_out<3>466 (builder/RGB_out<3>466)
     LUT4:I2->O            1   0.704   0.595  builder/RGB_out<3>480 (RGB_tmp<2>)
     LUT3:I0->O            3   0.704   0.531  driver/RGB<4>1 (G_0_OBUF)
     OBUF:I->O                 3.272          G_0_OBUF (G<0>)
    ----------------------------------------
    Total                     12.409ns (8.087ns logic, 4.322ns route)
                                       (65.2% logic, 34.8% route)

=========================================================================


Total REAL time to Xst completion: 33.00 secs
Total CPU time to Xst completion: 33.50 secs
 
--> 

Total memory usage is 294760 kilobytes

Number of errors   :    0 (   0 filtered)
Number of warnings :   12 (   0 filtered)
Number of infos    :    2 (   0 filtered)

